
#         Master List of Nifs 
# Initially created by Britt Turnbull, maintained by Mensys BV
# Last updated on: Wed, 2010-12-22 14:44:12


ACCND.OS2	ACCND.NIF	Accton EN1207D Series PCI Fast Ethernet Adapter
B44A.OS2  	B44A.NIF  	Broadcom BCM4401 MAC driver
CBENDIS.OS2	CBEOS2.NIF	Xircom CardBus Ethernet 10/100 Adapter
CE3NDIS.OS2	CE3OS2.NIF	Xircom Ethernet Adapter 10/100
COMETA.OS2  	COMETA.NIF  	ADMTEK COMET/CENTAUR ANOTHER MAC DRIVER
DC21X4.OS2	DC21X4.NIF	Intel 2104x/2114x 10/100 mbps Ethernet Controller
DE528.OS2	DE528.NIF	DE-528 PCI Ethernet Adapter
DFE650.OS2	DFE650.NIF	D-Link DFE-650 Fast Ethernet PC Card
DLKFET.OS2	DLKFET.NIF	D-Link DFE-530TX PCI Fast Ethernet Adapter
DLKPCI.OS2	DLKPCI.NIF	D-Link PCI Fast Ethernet Adapter
DLKRTS.OS2	DLKRTS.NIF	D-Link DFE-538TX 10/100 Adapter
DM9PCI.OS2	DM9PCI.NIF	DAVICOM DM9 PCI Series Fast Ethernet Adapter
DP815A.OS2  	DP815A.NIF  	NSC DP83815
DP820A.OS2  	DP820A.NIF  	NSC DP83820
DP83815.OS2	DP83815.NIF	National Semiconductor DP83815 10/100 MacPhyter3v PCI Adapter
E1000.OS2	E1000.NIF	Intel(R) 8254X Based Network Connection
E100B.OS2	E100BEO2.NIF	Intel(R) PRO PCI Adapter (4.35)
E10P.OS2	E10PEOS2.NIF	Intel EtherExpress(TM) PRO/10 PCI LAN Adapter
EC2T.OS2	EC2T.NIF	Linksys Combo PCMCIA EthernetCard (EC2T)
ELNK3.OS2	EL3IBMO2.NIF	3Com EtherLink 10 ISA (3C509b) Family OS/2
EL515.OS2	EL515IO2.NIF	3Com Fast EtherLink ISA Bus Master OS/2
EL59X.OS2	EL59XIO2.NIF	3Com Fast EtherLink & EtherLink III Bus Master Family OS/2
EL90X.OS2	EL90XIO2.NIF	3Com Fast EtherLink/EtherLink XL Family OS/2
ELNK.OS2	ELNK.NIF	3Com 3C501 EtherLink
ELNK16.OS2	ELNK16.NIF	3Com EtherLink 16 (3c507) Family - OS/2
ELNKII.OS2	ELNKII.NIF	3Com EtherLink II (3c503) Family - OS/2
ELNKMC.OS2	ELNKMC.NIF	3Com EtherLink/MC (3c523) Family - OS/2
ELPC3.OS2	ELPC3OS2.NIF	3Com Megahertz 10Mbps PC Card OS/2
ELPC3X.OS2	ELPCXOS2.NIF	3Com EtherLink III LAN+Modem PC Card for OS2 v1.5 - Card Services
EXP16.OS2	EXP16.NIF	Intel EtherExpress 16 Family Adapter
FASTNIC.OS2	FASTNIC.NIF	AdmTek PCI 10/100 Fast Ethernet Adapter
FASTNIC.OS2	NC100.NIF	Linksys LNE100TX Fast Ethernet Adapter(LNE100TX v4)
FETND.OS2	FETND.NIF	VIA PCI 10/100Mb Fast Ethernet Adapter
I2OLOSM.OS2	I2OLOSM.NIF	IBM I2O LAN Driver [I2OLOSM.OS2]
IBM16TR.OS2	IBM16OS2.NIF	IBM Token Ring Network 16/4 Adapter II (IBM16TR.OS2)
IBMCNDIS.OS2	IBMCOS2.NIF	IBM 10/100 EtherJet CardBus Adapter
IBMEANDI.OS2	IBMEANDI.NIF	IBM PCI Ethernet Adapter Driver [IBMEANDI.OS2]
IBMEINDI.OS2	IBMEINDI.NIF	IBM EtherJet ISA Ethernet Adapter (IBMEINDI.OS2)
IBMEITR.OS2	IBMEIOS2.NIF	IBM 16/4 Busmaster EISA Adapter (IBMEITR.OS2)
IBMENI.OS2	IBMENI.NIF	IBM LAN Adapter for Ethernet (IBMENI.OS2)
IBMENII.OS2	IBMENII.NIF	IBM LAN Adapter/A for Ethernet (IBMENII.OS2)
IBMESAN2.OS2	IBMESAN2.NIF	IBM EISA Ethernet adapter driver [IBMESAN2.OS2]
IBMEXNDI.OS2	IBMEXNDI.NIF	IBM EtherJet PC Card Ethernet Adapter (IBMEXNDI.OS2)
IBMFDX.OS2	IBMFDX.NIF	IBM FDDI-FI Adapter Device Driver
IBMFE.OS2	IBMFEEO2.NIF	IBM 10/100 EtherJet PCI Adapter (OS/2)
IBMGU.OS2	IBMGU.NIF	IBM Gigabit Ethernet Adapter
IBMMPC.OS2	IBMMPC.NIF	IBM Auto LANStreamer PCI Adapter (IBMMPC.OS2)
IBMTOK.OS2	IBMTOK.NIF	IBM T-R Shared RAM Family (UP/SMP IBMTOK.OS2)
IBMTOK.OS2	IBMTOKC.NIF	IBM Compatible Token-Ring Network Adapter (IBMTOK.OS)
IBMTOK.OS2	TCTTOK.NIF	Thomas-Conrad Tropic Token-Ring Network Adapter (IBMTOK.OS2)
IBMTOK.OS2	TLNKIII.NIF	3Com TokenLink III Network Adapters (IBMTOK.OS2)
IBMTOK.OS2	KNGSTN1.NIF	Kingston TokenRx 16/4 Token-Ring Adapter (IBMTOK.OS2)
IBMTOKCS.OS2	IBMTOKCS.NIF	IBM Turbo 16/4 Token-Ring PC Card (IBMTOKCS.OS2)
IBMTRBM.OS2	IBMTRBM.NIF	IBM T-R Busmaster Server Adapter (IBMTRBM.OS2)
IBMMPC.OS2	IBMTRDB.NIF	IBM LANStreamer 16/32 MCA Adapter (IBMMPC.OS2)
IBMTRP.OS2	IBMTRP.NIF	IBM PCI and CardBus Token-Ring Adapters (IBMTRP.OS2)
INTEL16.OS2	INTEL16.NIF	Intel TokenExpress(TM) Network 16/4 Adapters
INTEL32.OS2	INTEL32.NIF	Intel TokenExpress(TM) Network Server Adapter
KTC100.OS2	KTC100.NIF	Kingston EtheRX PCI 10/100 Fast Ethernet Adapter
KTC110.OS2	KTC110.NIF	Kingston EtheRX PCI Fast Ethernet Adapter (KNE110TX)
KTC111.OS2	KTC111.NIF	Kingston Fast EtheRx KNE111TX PCI Fast Ethernet Adapter
KTC120.OS2	KTC120.NIF	Kingston EtheRX PCI Fast Ethernet Adapter
KTC2000.OS2	KTC2000.NIF	Kingston EtheRx LC ISA Ethernet Adapter
KTC40.OS2	KTC40.NIF	Kingston EtheRx PCI Ethernet Adapter
L100.OS2	ETHERRX.NIF	Kingston EtherRX KNE111TX PCI Fast Ethernet Adapter
L100.OS2	L100.NIF	PNIC 100 Base FX Fast Ethernet Adapter
L100.OS2	LNE100TX.NIF	Linksys LNE100TX Fast Ethernet Adapter
LNE100.OS2	LNE100.NIF	Linksys LNE100TX Fast Ethernet Adapter (V2)
M16ANDIS.OS2	M16AOS2.NIF	Intel EtherExpress(TM) PRO/100 Mobile Adapter16
M32ANDIS.OS2	M32AOS2.NIF	Intel EtherExpress(TM) PRO/100 Mobile CardBus 32 Adapter
MACETH.OS2	MACETH.NIF	IBM PS/2 Adapter for Ethernet Networks
MACETH2.OS2	MACETH.NIF	IBM PS/2 Adapter for Ethernet Networks
MDGND.OS2	MDGND.NIF	Madge Token-Ring Adapter
MXNICF.OS2	DFE540TX.NIF	DFE-540TX Fast Ethernet PCI Adapter
MXNICF.OS2	EN9120.NIF	Edimax EN9120 Family Fast Ethernet Adapters
MXNICF.OS2	MXNICF.NIF	Macronix MX987xx Family Fast Ethernet Adapters
N100.OS2	N100EO2.NIF	Compaq Ethernet or Fast Ethernet NIC
NE1000.OS2	NE1000.NIF	Novell NE1000 Compatible
NE2000NS.OS2	NE2000NS.NIF	Novell NE2000 Compatible (Nat'l Semiconductor)
NETFLX3.OS2	NETFLX3.NIF	Compaq NetFlex-3 and Netelligent Network Controllers
NULLNDIS.OS2	NULLNDIS.NIF	IBM NULL MAC Driver
OLITOK16.OS2	OLITOK.NIF	Olicom Token-Ring Network 16/4 Adapters
OLITOK32.OS2	OLITOK32.NIF	Olicom Token-Ring Network Server Adapter
OLITOK16.OS2	OLITOKCE.NIF	Olicom Token-Ring PCMCIA Card
PC100.OS2	PC100.NIF	Linksys EtherFast 10/100 PC Card
PCIND.OS2	PCIND.NIF	VIA 926 PCI 32-bit Ethernet Adapter
PCIND.OS2	SMC1208.NIF	SMC EZ Card PCI 10 Adapter(SMC1208x)
PCIND.OS2	EN1208.NIF	Accton EN1208 PCI Ethernet Adapter
PCMNICCS.OS2	PCMNICCS.NIF	IBM Credit Card Adapter for Ethernet with NDIS support (PCMNICCS.OS2)
PCNTND.OS2	PCNTND.NIF	AMD PCnet Ethernet Family Adapter
PMAC.OS2	PMAC.NIF	SSW Parallel Port NIC-less Adapter
PNPND.OS2	RTL8019.NIF	RTL8019 Plug and Play Ethernet Adapter
PCIND.OS2	RTL8029.NIF	RTL8029 PCI Ethernet Adapter
RTFND.OS2	RTL8129.NIF	RTL8129 Fast Ethernet Adapter
RTGNDA.OS2  	RTGNDA.NIF  	Realtek RTL8169
RTSND.OS2	A2500.NIF	ATI AT-2500 Fast Ethernet Adapter (2002.02.13)
RTSND.OS2	DFE530TX.NIF	DFE-530TX+ 10/100 PCI Adapter
RTSND.OS2	EN9130.NIF	Edimax EN9130 Fast Ethernet Adapter
RTSND.OS2	RTL8139.NIF	RTL8139 Fast Ethernet Adapter (2002-08-09)
RTR16NDS.OS2	RTR16NDS.NIF	Racore 16/4 Token-Ring Adapter
SFENDS.OS2	SFE.NIF	Silicom Fast Ethernet PCMCIA Adapter
SIS90A.OS2  	SIS90A.NIF  	SiS900
SIS900.OS2	SIS900.NIF	SIS 900/7016 PCI Fast Ethernet Adapter
SMARTND.OS2	SMARTND.NIF	Madge FastMac OS/2 NDIS driver for Smart 16/4 Ringnodes
SMCND.OS2	SMCND.NIF	SMC EZ Card 10/100 (SMC1211TX)
SMC8000.OS2	ETHOS2AT.NIF	SMC Ethernet ISA Adapter Family (SMC8000.OS2)
SMC8000.OS2	ETHOS2MC.NIF	SMC Ethernet MCA Adapter Family (SMC8000.OS2)
SMC8100.OS2	TOKOS2AT.NIF	SMC TokenCard Elite for OS/2 (SMC 8115)
SMC8100.OS2	TOKOS2MC.NIF	SMC TokenCard Elite/A for OS/2 (SMC8115)
SMC8232.OS2	SMCOS2E.NIF	SMC Ethernet EISA Adapter for OS/2 (SMC8232.OS2)
SMC8332.OS2	SMCOS2ET.NIF	SMC TokenCard Elite Master32 for OS/2 (SMC8332.OS2)
SMCPWR.OS2	SMCPWR.NIF	SMC EtherPower for OS/2
SMCPWR2.OS2	SMCPWR2.NIF	SMC EtherPower II 10/100 Ethernet Adapter
TC902X.OS2  	TC902X.NIF  	Tamarack TMI TC9021
TCE32PCW.OS2	TCE32PCW.NIF	TCTX048 PCI Fast Ethernet Adapter
TL3C3X9.OS2	TL3C3X9.NIF	3Com 3C3X9 PCI Token Ring Adapter
TLPC3.OS2	TLPC3.NIF	3Com TokenLink III PC Card Adapter - OS/2
W840ND.OS2	W840ND.NIF	Winbond W89C840 Based 100M/10M PCI Ethernet Adapter
W940ND.OS2	W940ND.NIF	Winbond W89C940 PCI Ethernet Adapter
VFET1A.OS2	VFET1A.NIF	VIA VT86C100A Rhine OS/2 NDIS MAC driver 1.02
VFET2A.OS2	VFET2A.NIF	VIA VT6102 Rhine II OS/2 NDIS MAC driver 1.04
VFET3A.OS2	VFET3A.NIF	VIA VT6105 Rhine III OS/2 NDIS MAC driver 1.02
vgend2.OS2  	vgend2.nif 	VIA VT612x Velocity MAC driver
B57.OS2	B57.NIF	Broadcom 1 gigabit Ethernet
NVETH.OS2	nveth.NIF	NVIDIA MAC Driver from nickk
SK98ND.OS2	SK98ND.NIF	SysKonnect SK-9E21D and SK-9521 v2.0 Adapter
GENM32W.OS2	W1148X4320.NIF	GenMac Wrapper 3Com/SKNet Gigabit [1148:4320]
GENM32W.OS2	W10B7X1700.NIF	GenMac Wrapper 3Com/SKNet Gigabit [10B7:1700]
GENM32W.OS2	W10B7X9200.NIF	GenMac Wrapper 3Com 3C90xC PCI [10B7:9200]
GENM32W.OS2	W10B7X9201.NIF	GenMac Wrapper 3Com 3C90xC PCI [10B7:9201]
GENM32W.OS2	W10ECX8167.NIF	GenMac Wrapper Rtl 8167 GigaBit [10EC:8167]
GENM32W.OS2	W10ECX8168.NIF	GenMac Wrapper Rtl 8168 GigaBit [10EC:8168]
GENM32W.OS2	W10ECX8169.NIF	GenMac Wrapper Rtl 8169 GigaBit [10EC:8169]
GENM32W.OS2	W10ECX8180.NIF	GenMac Wrapper Rtl 8180 Wlan [10EC:8180]
GENM32W.OS2	W11ABX1FA6.NIF	GenMac Wrapper Marvell 802.11 b/g [11AB:1FA6]
GENM32W.OS2	W11ABX1FA7.NIF	GenMac Wrapper Marvell 802.11 b/g [11AB:1FA7]
GENM32W.OS2	W11ABX4320.NIF	GenMac Wrapper Marvell Yukon 88E8001 [11AB:4320]
GENM32W.OS2	W11ABX4360.NIF	GenMac Wrapper Marvell Yukon 88E8052 [11AB:4360]
GENM32W.OS2	W11ABX4361.NIF	GenMac Wrapper Marvell Yukon 88E8050 [11AB:4361]
GENM32W.OS2	W11ABX4362.NIF	GenMac Wrapper Marvell Yukon 88E8053 [11AB:4362]
GENM32W.OS2	W11ABX4363.NIF	GenMac Wrapper Marvell Yukon 88E8055 [11AB:4363]
GENM32W.OS2	W11ABX4364.NIF	GenMac Wrapper Marvell Yukon 88E8056 [11AB:4364]
GENM32W.OS2	W14E4X1654.NIF	GenMac Wrapper Broadcom Gigabit [14E4:1654]
GENM32W.OS2	W14E4X165D.NIF	GenMac Wrapper Broadcom Gigabit [14E4:165D]
GENM32W.OS2	W14E4X1677.NIF	GenMac Wrapper Broadcom Gigabit [14E4:1677]
GENM32W.OS2	W14E4X167D.NIF	GenMac Wrapper Broadcom Gigabit [14E4:167D]
GENM32W.OS2	W14E4X170C.NIF	GenMac Wrapper Broadcom 10/100 [14E4:170C]
GENM32W.OS2	W14E4X4100.NIF	GenMac Wrapper Broadcom 10/100 [14E4:4100]
GENM32W.OS2	W14E4X4318.NIF	GenMac Wrapper Broadcom B/G [14E4:4318]
GENM32W.OS2	W14E4X4320.NIF	GenMac Wrapper Broadcom B/G [14E4:4320]
GENM32W.OS2	W14E4X4324.NIF	GenMac Wrapper Broadcom A/B/G [14E4:4324]
GENM32W.OS2	W14E4X4401.NIF	GenMac Wrapper Broadcom 10/100 [14E4:4401]
GENM32W.OS2	W14E4X165A.NIF	GenMac Wrapper Broadcom NetXtreme Gigabit [14E4:165A]
GENM32W.OS2	W14E4X1693.NIF	GenMac Wrapper Broadcom Gigabit [14E4:1693]
GENM32W.OS2	W168CX1014.NIF	GenMac Wrapper Atheros Wlan [168C:1014]
GENM32W.OS2	W168CX001C.NIF	GenMac Wrapper Atheros Wlan AR5007EG/AR242X [168C:001C]
GENM32W.OS2	W1814X0101.NIF	GenMac Wrapper ASUS Wlan RT2400 [1814:0101]
GENM32W.OS2	W1814X0301.NIF	GenMac Wrapper GN-WI01GS RT61 [1814:0301]
GENM32W.OS2	W1814X0302.NIF	GenMac Wrapper GN-WI01GS RT61 [1814:0302]
GENM32W.OS2	W1814X0401.NIF	GenMac Wrapper GN-WI01GS RT61 [1814:0401]
GENM32W.OS2	W8086X101E.NIF	GenMac Wrapper Intel 10/100/1000 [8086:101E]
GENM32W.OS2	W8086X1043.NIF	GenMac Wrapper Intel 2100 Wlan [8086:1043]
GENM32W.OS2	W8086X1049.NIF	GenMac Wrapper Intel 10/100/1000MM [8086:1049]
GENM32W.OS2	W8086X104B.NIF	GenMac Wrapper Intel 10/100/1000MM [8086:104B]
GENM32W.OS2	W8086X1076.NIF	GenMac Wrapper Intel 10/100/1000 [8086:1076]
GENM32W.OS2	W8086X109A.NIF	GenMac Wrapper Intel 10/100/1000PL [8086:109A]
GENM32W.OS2	W8086X10B9.NIF	GenMac Wrapper Intel 10/100/1000PL [8086:10B9]
GENM32W.OS2	W8086X1229.NIF	GenMac Wrapper Intel 10/100 [8086:1229]
GENM32W.OS2	W8086X4220.NIF	GenMac Wrapper Intel 2200 Wlan [8086:4220]
GENM32W.OS2	W8086X4222.NIF	GenMac Wrapper Intel 3945 a/b/g [8086:4222]
GENM32W.OS2	W8086X4223.NIF	GenMac Wrapper Intel 2915 a/b/g [8086:4223]
GENM32W.OS2	W8086X4224.NIF	GenMac Wrapper Intel 2915 a/b/g [8086:4224]
GENM32W.OS2	W8086X4227.NIF	GenMac Wrapper Intel 3945 a/b/g [8086:4227]
GENM32W.OS2	W8086X4229.NIF	GenMac Wrapper Intel 4965 a/g/n [8086:4229]
GENM32W.OS2	W8086X4230.NIF	GenMac Wrapper Intel 4965 a/g/n [8086:4230]
GENM32W.OS2	W8086X104A.NIF	GenMac Wrapper Intel 10/100/1000DM [8086:104A]
GENM32W.OS2	W8086X107C.NIF	GenMac Wrapper Intel 10/100/1000 GT [8086:107C]
GENM32W.OS2	W8086X108C.NIF	GenMac Wrapper Intel(R) PRO/1000 PL Network Connection [8086:108C]
E1000E.OS2	E1000E.NIF	Intel PRO/1000 PCIe MAC Driver
